Last login: Mon Aug  1 21:58:28 on ttys000
eddienguyen@Eddies-MBP ~ % cd Downloads/Coding
eddienguyen@Eddies-MBP Coding % Python Projects
zsh: command not found: Python
eddienguyen@Eddies-MBP Coding % cd -
~
eddienguyen@Eddies-MBP ~ % cd Downloads
eddienguyen@Eddies-MBP Downloads % cd Coding
eddienguyen@Eddies-MBP Coding % cd Python \ Projects
cd: string not in pwd: Python
eddienguyen@Eddies-MBP Coding % cd - 
~/Downloads
eddienguyen@Eddies-MBP Downloads % cd Random_Scraper
cd: no such file or directory: Random_Scraper
eddienguyen@Eddies-MBP Downloads % cd "Python Projects"
cd: no such file or directory: Python Projects
eddienguyen@Eddies-MBP Downloads % cd Random
eddienguyen@Eddies-MBP Random % cd Coding
eddienguyen@Eddies-MBP Coding % cd "Python Projects"
eddienguyen@Eddies-MBP Python Projects % cd "Random Scraper"
cd: no such file or directory: Random Scraper
eddienguyen@Eddies-MBP Python Projects % cd "Random Scraper"
eddienguyen@Eddies-MBP Random Scraper % source venv/bin/activate
source: no such file or directory: venv/bin/activate
eddienguyen@Eddies-MBP Random Scraper % source /bin/activate
source: no such file or directory: /bin/activate
eddienguyen@Eddies-MBP Random Scraper % source venv/bin/activate
source: no such file or directory: venv/bin/activate
eddienguyen@Eddies-MBP Random Scraper % source env/bin/activate
(env) eddienguyen@Eddies-MBP Random Scraper % python3 -m pip install flask
Collecting flask
  Downloading Flask-2.2.0-py3-none-any.whl (101 kB)
     ━━━━━━━━━━━━━━━━━━━━━━━━━━━━━━━━━━━━━━━ 101.1/101.1 kB 1.7 MB/s eta 0:00:00
Collecting click>=8.0
  Downloading click-8.1.3-py3-none-any.whl (96 kB)
     ━━━━━━━━━━━━━━━━━━━━━━━━━━━━━━━━━━━━━━━━ 96.6/96.6 kB 1.7 MB/s eta 0:00:00
Collecting itsdangerous>=2.0
  Downloading itsdangerous-2.1.2-py3-none-any.whl (15 kB)
Collecting Jinja2>=3.0
  Downloading Jinja2-3.1.2-py3-none-any.whl (133 kB)
     ━━━━━━━━━━━━━━━━━━━━━━━━━━━━━━━━━━━━━ 133.1/133.1 kB 575.1 kB/s eta 0:00:00
Collecting Werkzeug>=2.2.0
  Downloading Werkzeug-2.2.1-py3-none-any.whl (232 kB)
     ━━━━━━━━━━━━━━━━━━━━━━━━━━━━━━━━━━━━━━━ 232.4/232.4 kB 1.5 MB/s eta 0:00:00
Collecting MarkupSafe>=2.0
  Downloading MarkupSafe-2.1.1-cp310-cp310-macosx_10_9_universal2.whl (17 kB)
Installing collected packages: MarkupSafe, itsdangerous, click, Werkzeug, Jinja2, flask
Successfully installed Jinja2-3.1.2 MarkupSafe-2.1.1 Werkzeug-2.2.1 click-8.1.3 flask-2.2.0 itsdangerous-2.1.2
(env) eddienguyen@Eddies-MBP Random Scraper % python3 pip freeze
/Users/eddienguyen/Downloads/Random/Coding/Python Projects/Random Scraper/env/bin/python3: can't open file '/Users/eddienguyen/Downloads/Random/Coding/Python Projects/Random Scraper/pip': [Errno 2] No such file or directory
(env) eddienguyen@Eddies-MBP Random Scraper % python3 pip --freeze
/Users/eddienguyen/Downloads/Random/Coding/Python Projects/Random Scraper/env/bin/python3: can't open file '/Users/eddienguyen/Downloads/Random/Coding/Python Projects/Random Scraper/pip': [Errno 2] No such file or directory
(env) eddienguyen@Eddies-MBP Random Scraper % python3 -m pip freeze
beautifulsoup4==4.11.1
bs4==0.0.1
click==8.1.3
Flask==2.2.0
itsdangerous==2.1.2
Jinja2==3.1.2
MarkupSafe==2.1.1
soupsieve==2.3.2.post1
Werkzeug==2.2.1
(env) eddienguyen@Eddies-MBP Random Scraper % python3 -m pip install requests
Collecting requests
  Downloading requests-2.28.1-py3-none-any.whl (62 kB)
     ━━━━━━━━━━━━━━━━━━━━━━━━━━━━━━━━━━━━━━━━ 62.8/62.8 kB 1.2 MB/s eta 0:00:00
Collecting urllib3<1.27,>=1.21.1
  Downloading urllib3-1.26.11-py2.py3-none-any.whl (139 kB)
     ━━━━━━━━━━━━━━━━━━━━━━━━━━━━━━━━━━━━━━━ 139.9/139.9 kB 1.7 MB/s eta 0:00:00
Collecting certifi>=2017.4.17
  Downloading certifi-2022.6.15-py3-none-any.whl (160 kB)
     ━━━━━━━━━━━━━━━━━━━━━━━━━━━━━━━━━━━━━━━ 160.2/160.2 kB 1.2 MB/s eta 0:00:00
Collecting idna<4,>=2.5
  Downloading idna-3.3-py3-none-any.whl (61 kB)
     ━━━━━━━━━━━━━━━━━━━━━━━━━━━━━━━━━━━━━━━━ 61.2/61.2 kB 1.6 MB/s eta 0:00:00
Collecting charset-normalizer<3,>=2
  Downloading charset_normalizer-2.1.0-py3-none-any.whl (39 kB)
Installing collected packages: urllib3, idna, charset-normalizer, certifi, requests
Successfully installed certifi-2022.6.15 charset-normalizer-2.1.0 idna-3.3 requests-2.28.1 urllib3-1.26.11
(env) eddienguyen@Eddies-MBP Random Scraper % python3 pip install schedule
/Users/eddienguyen/Downloads/Random/Coding/Python Projects/Random Scraper/env/bin/python3: can't open file '/Users/eddienguyen/Downloads/Random/Coding/Python Projects/Random Scraper/pip': [Errno 2] No such file or directory
(env) eddienguyen@Eddies-MBP Random Scraper % python3 -m pip install schedule
Collecting schedule
  Downloading schedule-1.1.0-py2.py3-none-any.whl (10 kB)
Installing collected packages: schedule
Successfully installed schedule-1.1.0
(env) eddienguyen@Eddies-MBP Random Scraper % python -m pip3 freeze
/Users/eddienguyen/Downloads/Random/Coding/Python Projects/Random Scraper/env/bin/python: No module named pip3
(env) eddienguyen@Eddies-MBP Random Scraper % python3 -m pip freeze
beautifulsoup4==4.11.1
bs4==0.0.1
certifi==2022.6.15
charset-normalizer==2.1.0
click==8.1.3
Flask==2.2.0
idna==3.3
itsdangerous==2.1.2
Jinja2==3.1.2
MarkupSafe==2.1.1
requests==2.28.1
schedule==1.1.0
soupsieve==2.3.2.post1
urllib3==1.26.11
Werkzeug==2.2.1
(env) eddienguyen@Eddies-MBP Random Scraper % mkdir requirements.txt
(env) eddienguyen@Eddies-MBP Random Scraper % nano requirements.txt

  UW PICO 5.09                                                                                    File: requirements.txt                                                                                    Modified  

beautifulsoup4==4.11.1
bs4==0.0.1
certifi==2022.6.15
charset-normalizer==2.1.0
click==8.1.3
Flask==2.2.0
idna==3.3
itsdangerous==2.1.2
Jinja2==3.1.2
MarkupSafe==2.1.1
requests==2.28.1
schedule==1.1.0
soupsieve==2.3.2.post1
urllib3==1.26.11
Werkzeug==2.2.1
















































^G Get Help                        ^O WriteOut                        ^R Read File                       ^Y Prev Pg                         ^K Cut Text                        ^C Cur Pos                         
^X Exit                            ^J Justify                         ^W Where is                        ^V Next Pg                         ^U UnCut Text                      ^T To Spell                        
